
running 1 test
test create_part_command_matches_full_self_model_reconstruction ... shared_mount_negative checkpoint version: unsupported project checkpoint version 2
shared_mount_negative missing parent: checkpoint does not continue the supplied predecessor revision
shared_mount_negative foreign parent: checkpoint does not continue the supplied predecessor revision
shared_mount_negative reused project revision: checkpoint does not continue the supplied predecessor revision
shared_mount_negative source checkpoint version: source checkpoint does not match format version
shared_mount_negative foreign source project: source checkpoint does not match predecessor source project
shared_mount_negative foreign canonical root: source checkpoint does not match predecessor canonical root
shared_mount_negative foreign accepted KerML: source checkpoint does not match accepted publication identities
shared_mount_negative foreign accepted Systems: source checkpoint does not match accepted publication identities
shared_mount_negative changed source digest: source checkpoint does not match source content digest
shared_mount_negative missing source: source checkpoint does not match source population
shared_mount_negative substituted source identity: source checkpoint does not match source blob
shared_mount_negative duplicate document identity: source checkpoint does not match duplicate document identity
shared_mount_negative duplicate document path: source checkpoint does not match duplicate path label
shared_mount_negative duplicate syntax identity: source checkpoint does not match duplicate syntax identity
shared_mount_negative incomplete syntax arena: edit range is outside the source or splits a UTF-8 character
oracle: independent cold checkpoint restore
CREATE_PART_PERFORMANCE {"authored_documents":6,"canonical_elements":76153,"cold_checkpoint_restore_ms":126323,"cold_noncompile_residual_ms":2656.5859999999957,"cold_validation_ms":5310,"command_compile_ms":122969.099,"command_noncompile_residual_ms":10892.900999999998,"command_phases":{"declared_construction_micros":1517837,"edit_frontier_micros":12347,"effective_audit_micros":39666877,"final_closure_micros":64510871,"final_references_micros":5410550,"identity_preparation_micros":17216,"preparatory_producers_micros":0,"reference_refinement_micros":11319940,"source_preparation_micros":12848985,"strict_kernel_validation_micros":481593,"total_compile_micros":122969099},"command_prepare_ms":133862,"command_reconstruction_mode":"full-source-reconstruction-with-verified-insertion-identities-and-shared-authenticated-mount","command_work":{"documents_lowered":18,"documents_reparsed":6,"effective_audit_subjects_evaluated":791,"lowering_cache_hits":0,"producer_subjects_evaluated":717,"records_lowered":1098,"records_rebuilt":1101,"records_reused":0,"semantic_cache_used":false},"comparison_reconstruction_mode":"independent-cold-checkpoint-restore-with-identical-source-and-canonical-identities","comparison_scope":"two full reconstructions over identical source/checkpoint identities; cold restore independently authenticates its mount; hot command additionally includes source proof and continuity postchecks; no incremental semantic work-elimination claim","exact_equivalence":true,"format":"agentique-create-part-performance/3","full_compile_ms":123666.414,"full_phases":{"declared_construction_micros":1506799,"edit_frontier_micros":11776,"effective_audit_micros":39669667,"final_closure_micros":65169937,"final_references_micros":5513894,"identity_preparation_micros":14676,"preparatory_producers_micros":0,"reference_refinement_micros":11291454,"source_preparation_micros":12809330,"strict_kernel_validation_micros":456661,"total_compile_micros":123666414},"full_work":{"documents_lowered":18,"documents_reparsed":6,"effective_audit_subjects_evaluated":791,"lowering_cache_hits":0,"producer_subjects_evaluated":717,"records_lowered":1098,"records_rebuilt":1101,"records_reused":0,"semantic_cache_used":false},"incremental_speedup_claimed":false,"independent_cold_mount_observed":true,"memory_scope":"measure the process externally; no per-edit allocation claim","model":"models/agentique","negative_reuse_cases":16,"owner_and_ancestor_identity_preserved":true,"peak_memory_bytes":null,"residual_scope":"mixed source/checkpoint/proof/postcheck/serialization overhead; not a measurement of mount time","runtime_restore_ms":71941,"same_authenticated_mount_observed":true,"validation_ms":20128}
ok

test result: ok. 1 passed; 0 failed; 0 ignored; 0 measured; 0 filtered out; finished in 625.91s

