RUNTIME_RESTORE_PHASE {"elapsed_micros":1097,"phase":"receipt_authority_and_archive_open","publication":"kerml","total_micros":1097}
RUNTIME_RESTORE_PHASE {"elapsed_micros":3775882,"phase":"facade_authentication_decode_validation","publication":"kerml","total_micros":3776980}
RUNTIME_RESTORE_PHASE {"elapsed_micros":4648804,"phase":"graph_input_authentication","publication":"kerml","total_micros":8425785}
RUNTIME_RESTORE_PHASE {"elapsed_micros":7207,"phase":"descriptor_registry","publication":"kerml","total_micros":8432992}
RUNTIME_RESTORE_PHASE {"elapsed_micros":23250881,"phase":"graph_decode_and_kernel_validation","publication":"kerml","total_micros":31683873}
RUNTIME_RESTORE_PHASE {"elapsed_micros":484,"phase":"verified_library_identity","publication":"kerml","total_micros":31684358}
RUNTIME_RESTORE_SUBPHASE {"elapsed_micros":7606313,"phase":"decoded_graph_recanonicalization","publication":"kerml"}
RUNTIME_RESTORE_SUBPHASE {"elapsed_micros":2352991,"phase":"semantic_context_bindings_and_formal_targets","publication":"kerml"}
RUNTIME_RESTORE_SUBPHASE {"elapsed_micros":102,"phase":"producer_graph_identity_and_certificate","publication":"kerml"}
RUNTIME_RESTORE_SUBPHASE {"elapsed_micros":454,"phase":"accepted_context_and_capability_identity","publication":"kerml"}
RUNTIME_RESTORE_PHASE {"elapsed_micros":9960334,"phase":"graph_recanonicalization_and_context_authentication","publication":"kerml","total_micros":41644692}
RUNTIME_RESTORE_PHASE {"elapsed_micros":21229,"phase":"facade_and_binding_manifest","publication":"kerml","total_micros":41665922}
RUNTIME_RESTORE_PHASE {"elapsed_micros":55070,"phase":"receipt_interpretation_and_archive_open","publication":"sysml","total_micros":55070}
RUNTIME_RESTORE_PHASE {"elapsed_micros":103784,"phase":"facade_authentication_decode_validation","publication":"sysml","total_micros":158855}
RUNTIME_RESTORE_PHASE {"elapsed_micros":1385054,"phase":"graph_input_authentication","publication":"sysml","total_micros":1543909}
RUNTIME_RESTORE_PHASE {"elapsed_micros":21531,"phase":"descriptor_registry_and_dependency_mount","publication":"sysml","total_micros":1565441}
RUNTIME_RESTORE_PHASE {"elapsed_micros":19323575,"phase":"graph_decode_kernel_validation_and_dependency_authentication","publication":"sysml","total_micros":20889016}
RUNTIME_RESTORE_PHASE {"elapsed_micros":4406527,"phase":"graph_recanonicalization_and_dependency_authentication","publication":"sysml","total_micros":25295543}
RUNTIME_RESTORE_PHASE {"elapsed_micros":54125,"phase":"source_and_graph_validation","publication":"sysml","total_micros":25349669}
RUNTIME_RESTORE_PHASE {"elapsed_micros":3197985,"phase":"initial_producer_context","publication":"sysml","total_micros":28547655}
RUNTIME_RESTORE_PHASE {"elapsed_micros":336892,"phase":"standard_binding_validation","publication":"sysml","total_micros":28884547}
RUNTIME_RESTORE_PHASE {"elapsed_micros":1026,"phase":"bound_dependency_contract","publication":"sysml","total_micros":28885573}
RUNTIME_RESTORE_PHASE {"elapsed_micros":30610,"phase":"closure_input_authentication","publication":"sysml","total_micros":28916184}
RUNTIME_RESTORE_PHASE {"elapsed_micros":3237999,"phase":"bound_producer_context","publication":"sysml","total_micros":32154183}
RUNTIME_RESTORE_PHASE {"elapsed_micros":395732,"phase":"producer_closure_authentication_and_coverage","publication":"sysml","total_micros":32549916}
RUNTIME_RESTORE_PHASE {"elapsed_micros":848,"phase":"accepted_publication_identity","publication":"sysml","total_micros":32550764}
RUNTIME_RESTORE_PHASE {"elapsed_micros":1223,"phase":"facade_and_binding_manifest","publication":"sysml","total_micros":32551988}
Native interaction FAILED: Authenticated bootstrap produced no project: Runtime authenticated. Create your first project.
