LocatingPackage
AuthenticatingKerml
AuthenticatingSysml
Ready
{"contract":"Wall time within one service call; nested operation totals overlap their containing phase. Excludes native layout, upload, and display.","elapsed_ms":2.0905,"format":"agentique-revision-read-profile/1","operation":"resolve_revision","phase":"repository_manifest_authentication"}
{"contract":"Wall time within one service call; nested operation totals overlap their containing phase. Excludes native layout, upload, and display.","elapsed_ms":2.9399,"format":"agentique-revision-read-profile/1","operation":"resolve_revision","phase":"source_and_identity_load"}
{"contract":"Wall time within one service call; nested operation totals overlap their containing phase. Excludes native layout, upload, and display.","elapsed_ms":0.16540000000000002,"format":"agentique-revision-read-profile/1","operation":"restore_semantic_cache","phase":"total"}
{"contract":"Wall time within one service call; nested operation totals overlap their containing phase. Excludes native layout, upload, and display.","elapsed_ms":55186.3468,"format":"agentique-revision-read-profile/1","operation":"resolve_revision","phase":"source_fallback"}
{"format":"agentique-restored-compilation-profile/1","load_path":"DurableSource","revision":"29a1b0d9-ff58-4ec0-94d5-3c7cf4142c7d","timings":{"declared_construction_micros":600642,"edit_frontier_micros":12453,"effective_audit_micros":3293565,"final_closure_micros":40793819,"final_references_micros":2828454,"identity_preparation_micros":18946,"preparatory_producers_micros":0,"reference_refinement_micros":4043236,"source_preparation_micros":4645392,"strict_kernel_validation_micros":532837,"total_compile_micros":52151807},"work":{"documents_lowered":1,"documents_reparsed":1,"effective_audit_subjects_evaluated":15,"lowering_cache_hits":0,"producer_subjects_evaluated":11,"records_lowered":6,"records_rebuilt":7,"records_reused":0,"semantic_cache_used":false}}
{"contract":"Wall time within one service call; nested operation totals overlap their containing phase. Excludes native layout, upload, and display.","elapsed_ms":2851.4332,"format":"agentique-revision-read-profile/1","operation":"resolve_revision","phase":"revision_receipt_and_validation_authentication"}
{"contract":"Wall time within one service call; nested operation totals overlap their containing phase. Excludes native layout, upload, and display.","elapsed_ms":1.8806999999999998,"format":"agentique-revision-read-profile/1","operation":"resolve_revision","phase":"immutable_revision_cache_insert"}
{"contract":"Wall time within one service call; nested operation totals overlap their containing phase. Excludes native layout, upload, and display.","elapsed_ms":58044.9855,"format":"agentique-revision-read-profile/1","operation":"resolve_revision","phase":"total"}
{"elapsed_ms":58360.8689,"exact_identity_projection_inspector_equivalence":true,"phase":"source_only_restore","revision":"29a1b0d9-ff58-4ec0-94d5-3c7cf4142c7d"}
{"contract":"Wall time within one service call; nested operation totals overlap their containing phase. Excludes native layout, upload, and display.","elapsed_ms":0.2963,"format":"agentique-revision-read-profile/1","operation":"resolve_revision","phase":"repository_manifest_authentication"}
{"contract":"Wall time within one service call; nested operation totals overlap their containing phase. Excludes native layout, upload, and display.","elapsed_ms":0.4801,"format":"agentique-revision-read-profile/1","operation":"resolve_revision","phase":"source_and_identity_load"}
{"contract":"Wall time within one service call; nested operation totals overlap their containing phase. Excludes native layout, upload, and display.","elapsed_ms":0.0488,"format":"agentique-revision-read-profile/1","operation":"restore_semantic_cache","phase":"total"}
{"contract":"Wall time within one service call; nested operation totals overlap their containing phase. Excludes native layout, upload, and display.","elapsed_ms":53953.9087,"format":"agentique-revision-read-profile/1","operation":"resolve_revision","phase":"source_fallback"}
{"format":"agentique-restored-compilation-profile/1","load_path":"DurableSource","revision":"cc75901a-c26c-4d6f-b2ab-b3ce7017fade","timings":{"declared_construction_micros":526854,"edit_frontier_micros":12328,"effective_audit_micros":3308620,"final_closure_micros":40092084,"final_references_micros":2847362,"identity_preparation_micros":18869,"preparatory_producers_micros":0,"reference_refinement_micros":3692271,"source_preparation_micros":4219689,"strict_kernel_validation_micros":514708,"total_compile_micros":51037120},"work":{"documents_lowered":2,"documents_reparsed":2,"effective_audit_subjects_evaluated":19,"lowering_cache_hits":0,"producer_subjects_evaluated":11,"records_lowered":10,"records_rebuilt":11,"records_reused":0,"semantic_cache_used":false}}
{"contract":"Wall time within one service call; nested operation totals overlap their containing phase. Excludes native layout, upload, and display.","elapsed_ms":2919.572,"format":"agentique-revision-read-profile/1","operation":"resolve_revision","phase":"revision_receipt_and_validation_authentication"}
{"contract":"Wall time within one service call; nested operation totals overlap their containing phase. Excludes native layout, upload, and display.","elapsed_ms":1.8058,"format":"agentique-revision-read-profile/1","operation":"resolve_revision","phase":"immutable_revision_cache_insert"}
{"contract":"Wall time within one service call; nested operation totals overlap their containing phase. Excludes native layout, upload, and display.","elapsed_ms":56876.2034,"format":"agentique-revision-read-profile/1","operation":"resolve_revision","phase":"total"}
{"elapsed_ms":57250.493200000004,"exact_identity_projection_inspector_equivalence":true,"phase":"source_only_restore","revision":"cc75901a-c26c-4d6f-b2ab-b3ce7017fade"}
{"outcome":"passed","separate_process_source_only_recovery":true}
