
running 1 test
test create_part_command_matches_full_self_model_reconstruction ... oracle source root (AGENTIQUE_SOURCE_ROOT): \\?\D:\a\agentique\agentique

running 1 test
test create_part_command_matches_full_self_model_reconstruction ... oracle source root (AGENTIQUE_SOURCE_ROOT): \\?\D:\a\agentique\agentique
CREATE_PART_RUNTIME {"runtime_restore_ms":70523}
command prepared in 219531 ms
CREATE_PART_PREPARATION {"command_closure_counters":{"active_dependency_edges":113543,"active_dependency_keys":2763,"active_dependency_subjects":166,"applicable_subject_family_pairs":1403,"certificate_build_micros":25502320,"certificate_bytes":2970183,"closed_producer_effects":456918,"closed_producer_pairs":1403,"declared_subjects":367,"dependency_edges_considered":616449,"dirty_reevaluations":551,"dirty_subjects_enqueued":1451,"empty_frontiers_reused":3,"existing_derived_facts_reused":1217201,"existing_proof_sets_reused":1451,"families_registered":88,"fixed_point_rounds":7,"incomplete_producer_pairs":0,"logical_search_entries":56179269,"logical_search_sets":39783,"maximum_dependency_edges":113543,"maximum_dependency_keys":2763,"maximum_worklist_size":608,"negative_queries_certified":1429,"new_association_occurrences_proposed":0,"new_elements_proposed":424,"new_proof_sets_interned":2121,"overlay_materializations":5,"producer_families_attempted":3226,"retained_search_entries":21431699,"retained_search_sets":17443,"search_sets_interned":427,"search_sets_reused":572,"subjects_considered":1818,"subjects_evaluated":717,"subjects_skipped_by_applicability":1101},"command_phases":{"closure_checkpoint_micros":31030419,"closure_rebind_micros":28556202,"declared_construction_micros":1943401,"edit_frontier_micros":30068,"effective_audit_micros":50002232,"effective_audit_reuse_setup_micros":493311,"final_closure_micros":142150815,"final_references_micros":7154192,"identity_preparation_micros":356,"preparatory_producers_micros":0,"reference_refinement_micros":13942370,"source_preparation_micros":15898110,"strict_kernel_validation_micros":602829,"total_compile_micros":215865102},"command_prepare_ms":219531,"command_work":{"documents_lowered":1,"documents_reparsed":6,"effective_audit_checks_reused":0,"effective_audit_subjects_evaluated":425,"effective_audit_subjects_reused":366,"lowering_cache_hits":17,"producer_subjects_evaluated":717,"records_lowered":164,"records_rebuilt":533,"records_reused":568,"semantic_cache_used":false},"equivalence_status":"independent cold oracle has not run yet"}
shared_mount_negative checkpoint version: unsupported project checkpoint version 2
shared_mount_negative missing parent: checkpoint does not continue the supplied predecessor revision
shared_mount_negative foreign parent: checkpoint does not continue the supplied predecessor revision
shared_mount_negative reused project revision: checkpoint does not continue the supplied predecessor revision
shared_mount_negative source checkpoint version: source checkpoint does not match format version
shared_mount_negative foreign source project: source checkpoint does not match predecessor source project
shared_mount_negative foreign canonical root: source checkpoint does not match predecessor canonical root
shared_mount_negative foreign accepted KerML: source checkpoint does not match accepted publication identities
shared_mount_negative foreign accepted Systems: source checkpoint does not match accepted publication identities
shared_mount_negative changed source digest: source checkpoint does not match source content digest
shared_mount_negative missing source: source checkpoint does not match source population
shared_mount_negative substituted source identity: source checkpoint does not match source blob
shared_mount_negative duplicate document identity: source checkpoint does not match duplicate document identity
shared_mount_negative duplicate document path: source checkpoint does not match duplicate path label
shared_mount_negative duplicate syntax identity: source checkpoint does not match duplicate syntax identity
shared_mount_negative incomplete syntax arena: edit range is outside the source or splits a UTF-8 character
command: exported 697419 exact semantic observations
ok

test result: ok. 1 passed; 0 failed; 0 ignored; 0 measured; 0 filtered out; finished in 905.24s


running 1 test
test create_part_command_matches_full_self_model_reconstruction ... oracle source root (AGENTIQUE_SOURCE_ROOT): \\?\D:\a\agentique\agentique
oracle: independent process cold checkpoint restore
CREATE_PART_COLD {"cold_checkpoint_restore_ms":163268,"full_phases":{"closure_checkpoint_micros":11,"closure_rebind_micros":0,"declared_construction_micros":2087713,"edit_frontier_micros":14822,"effective_audit_micros":50630896,"effective_audit_reuse_setup_micros":478155,"final_closure_micros":84553929,"final_references_micros":7599571,"identity_preparation_micros":22992,"preparatory_producers_micros":0,"reference_refinement_micros":14375438,"source_preparation_micros":16475797,"strict_kernel_validation_micros":639168,"total_compile_micros":159964115},"full_work":{"documents_lowered":18,"documents_reparsed":6,"effective_audit_checks_reused":0,"effective_audit_subjects_evaluated":791,"effective_audit_subjects_reused":0,"lowering_cache_hits":0,"producer_subjects_evaluated":717,"records_lowered":1098,"records_rebuilt":1101,"records_reused":0,"semantic_cache_used":false}}
cold: exported 697419 exact semantic observations
ok

test result: ok. 1 passed; 0 failed; 0 ignored; 0 measured; 0 filtered out; finished in 609.58s

CREATE_PART_PERFORMANCE {"authored_documents":6,"canonical_elements":76153,"cold_checkpoint_restore_ms":163268,"cold_runtime_restore_ms":72249,"cold_validation_ms":3316,"command_closure_counters":{"active_dependency_edges":113543,"active_dependency_keys":2763,"active_dependency_subjects":166,"applicable_subject_family_pairs":1403,"certificate_build_micros":25502320,"certificate_bytes":2970183,"closed_producer_effects":456918,"closed_producer_pairs":1403,"declared_subjects":367,"dependency_edges_considered":616449,"dirty_reevaluations":551,"dirty_subjects_enqueued":1451,"empty_frontiers_reused":3,"existing_derived_facts_reused":1217201,"existing_proof_sets_reused":1451,"families_registered":88,"fixed_point_rounds":7,"incomplete_producer_pairs":0,"logical_search_entries":56179269,"logical_search_sets":39783,"maximum_dependency_edges":113543,"maximum_dependency_keys":2763,"maximum_worklist_size":608,"negative_queries_certified":1429,"new_association_occurrences_proposed":0,"new_elements_proposed":424,"new_proof_sets_interned":2121,"overlay_materializations":5,"producer_families_attempted":3226,"retained_search_entries":21431699,"retained_search_sets":17443,"search_sets_interned":427,"search_sets_reused":572,"subjects_considered":1818,"subjects_evaluated":717,"subjects_skipped_by_applicability":1101},"command_compile_ms":215865.102,"command_phases":{"closure_checkpoint_micros":31030419,"closure_rebind_micros":28556202,"declared_construction_micros":1943401,"edit_frontier_micros":30068,"effective_audit_micros":50002232,"effective_audit_reuse_setup_micros":493311,"final_closure_micros":142150815,"final_references_micros":7154192,"identity_preparation_micros":356,"preparatory_producers_micros":0,"reference_refinement_micros":13942370,"source_preparation_micros":15898110,"strict_kernel_validation_micros":602829,"total_compile_micros":215865102},"command_prepare_ms":219531,"command_reconstruction_mode":"identity-preserving-source-command-see-work-counters","command_vs_cold_wall_speedup":0.7437127330536462,"command_work":{"documents_lowered":1,"documents_reparsed":6,"effective_audit_checks_reused":0,"effective_audit_subjects_evaluated":425,"effective_audit_subjects_reused":366,"lowering_cache_hits":17,"producer_subjects_evaluated":717,"records_lowered":164,"records_rebuilt":533,"records_reused":568,"semantic_cache_used":false},"comparison_scope":"separate-process exact per-record, occurrence, provenance, derivation, search, reference, strict-audit and full applicable local effective-query SHA-256 observations; only fresh kernel revision labels normalized; both revisions independently validate","exact_equivalence":true,"exact_observation_count":697419,"format":"agentique-create-part-performance/4","full_closure_counters":{"active_dependency_edges":113543,"active_dependency_keys":2763,"active_dependency_subjects":166,"applicable_subject_family_pairs":1403,"certificate_build_micros":26624891,"certificate_bytes":2970183,"closed_producer_effects":456918,"closed_producer_pairs":1403,"declared_subjects":367,"dependency_edges_considered":616449,"dirty_reevaluations":551,"dirty_subjects_enqueued":1451,"empty_frontiers_reused":3,"existing_derived_facts_reused":1217201,"existing_proof_sets_reused":1451,"families_registered":88,"fixed_point_rounds":7,"incomplete_producer_pairs":0,"logical_search_entries":56179269,"logical_search_sets":39783,"maximum_dependency_edges":113543,"maximum_dependency_keys":2763,"maximum_worklist_size":608,"negative_queries_certified":1429,"new_association_occurrences_proposed":0,"new_elements_proposed":424,"new_proof_sets_interned":2121,"overlay_materializations":5,"producer_families_attempted":3226,"retained_search_entries":21431699,"retained_search_sets":17443,"search_sets_interned":427,"search_sets_reused":572,"subjects_considered":1818,"subjects_evaluated":717,"subjects_skipped_by_applicability":1101},"full_compile_ms":159964.115,"full_phases":{"closure_checkpoint_micros":11,"closure_rebind_micros":0,"declared_construction_micros":2087713,"edit_frontier_micros":14822,"effective_audit_micros":50630896,"effective_audit_reuse_setup_micros":478155,"final_closure_micros":84553929,"final_references_micros":7599571,"identity_preparation_micros":22992,"preparatory_producers_micros":0,"reference_refinement_micros":14375438,"source_preparation_micros":16475797,"strict_kernel_validation_micros":639168,"total_compile_micros":159964115},"full_work":{"documents_lowered":18,"documents_reparsed":6,"effective_audit_checks_reused":0,"effective_audit_subjects_evaluated":791,"effective_audit_subjects_reused":0,"lowering_cache_hits":0,"producer_subjects_evaluated":717,"records_lowered":1098,"records_rebuilt":1101,"records_reused":0,"semantic_cache_used":false},"independent_cold_mount_observed":true,"negative_reuse_cases":16,"owner_and_ancestor_identity_preserved":true,"runtime_restore_ms":70523,"same_authenticated_mount_observed":true,"validated":true,"validation_ms":1790}
ok

test result: ok. 1 passed; 0 failed; 0 ignored; 0 measured; 0 filtered out; finished in 1516.85s

