   Compiling syn v3.0.5
   Compiling windows-link v0.2.1
   Compiling windows-sys v0.61.2
   Compiling utf8parse v0.2.2
   Compiling once_cell_polyfill v1.70.2
   Compiling anstyle v1.0.14
   Compiling anstyle-wincon v3.0.11
   Compiling anstyle-parse v1.0.0
   Compiling anstyle-query v1.1.5
   Compiling colorchoice v1.0.5
   Compiling is_terminal_polyfill v1.70.2
   Compiling anstream v1.0.0
   Compiling strsim v0.11.1
   Compiling thiserror-impl v2.0.20
   Compiling serde_derive v1.0.229
   Compiling thiserror v2.0.20
   Compiling displaydoc v0.2.7
   Compiling zip v2.4.2
   Compiling serde v1.0.229
   Compiling num-bigint v0.4.8
   Compiling agq-kernel v0.1.0 (C:\Users\phili\github\agentique-systems\agentique-alpha-runtime\crates\kernel)
   Compiling agq-kerml v0.1.0 (C:\Users\phili\github\agentique-systems\agentique-alpha-runtime\crates\kerml)
   Compiling agq-sysml v0.1.0 (C:\Users\phili\github\agentique-systems\agentique-alpha-runtime\crates\sysml)
   Compiling agq-kerml-semantics v0.1.0 (C:\Users\phili\github\agentique-systems\agentique-alpha-runtime\crates\kerml-semantics)
   Compiling agq-standard-libraries v0.1.0 (C:\Users\phili\github\agentique-systems\agentique-alpha-runtime\crates\standard-libraries)
   Compiling heck v0.5.0
   Compiling clap_lex v1.1.1
   Compiling clap_builder v4.6.7
   Compiling clap_derive v4.6.7
   Compiling agq-sysml-semantics v0.1.0 (C:\Users\phili\github\agentique-systems\agentique-alpha-runtime\crates\sysml-semantics)
   Compiling agq-kerml-syntax v0.1.0 (C:\Users\phili\github\agentique-systems\agentique-alpha-runtime\crates\kerml-syntax)
   Compiling fastrand v2.5.0
   Compiling once_cell v1.21.4
   Compiling tempfile v3.27.0
   Compiling agq-kerml-text v0.1.0 (C:\Users\phili\github\agentique-systems\agentique-alpha-runtime\crates\kerml-text)
   Compiling clap v4.6.7
   Compiling agq-runtime-publications v0.1.0 (C:\Users\phili\github\agentique-systems\agentique-alpha-runtime\crates\runtime-publications)
    Finished `release` profile [optimized] target(s) in 10m 10s
