   Compiling proc-macro2 v1.0.107
   Compiling quote v1.0.47
   Compiling unicode-ident v1.0.24
   Compiling cfg-if v1.0.5
   Compiling version_check v0.9.5
   Compiling syn v3.0.5
   Compiling generic-array v0.14.7
   Compiling serde_core v1.0.229
   Compiling autocfg v1.5.1
   Compiling typenum v1.20.1
   Compiling num-traits v0.2.19
   Compiling serde v1.0.229
   Compiling getrandom v0.4.3
   Compiling zmij v1.0.23
   Compiling thiserror v2.0.20
   Compiling block-buffer v0.10.4
   Compiling crypto-common v0.1.7
   Compiling thiserror-impl v2.0.20
   Compiling serde_derive v1.0.229
   Compiling serde_json v1.0.151
   Compiling memchr v2.8.3
   Compiling num-integer v0.1.47
   Compiling digest v0.10.7
   Compiling crc32fast v1.5.2
   Compiling sha1_smol v1.0.1
   Compiling itoa v1.0.18
   Compiling cpufeatures v0.2.17
   Compiling sha2 v0.10.9
   Compiling uuid v1.26.1
   Compiling num-bigint v0.4.8
   Compiling simd-adler32 v0.3.10
   Compiling agq-kernel v0.1.0 (C:\Users\phili\github\agentique-systems\agentique-alpha-rematerialize-kerml\crates\kernel)
   Compiling adler2 v2.0.1
   Compiling miniz_oxide v0.9.1
   Compiling bumpalo v3.20.3
   Compiling log v0.4.34
   Compiling equivalent v1.0.2
   Compiling hashbrown v0.17.1
   Compiling zip v2.4.2
   Compiling indexmap v2.14.2
   Compiling zopfli v0.8.3
   Compiling flate2 v1.1.10
   Compiling displaydoc v0.2.7
   Compiling agq-kerml v0.1.0 (C:\Users\phili\github\agentique-systems\agentique-alpha-rematerialize-kerml\crates\kerml)
   Compiling agq-kerml-semantics v0.1.0 (C:\Users\phili\github\agentique-systems\agentique-alpha-rematerialize-kerml\crates\kerml-semantics)
   Compiling agq-standard-libraries v0.1.0 (C:\Users\phili\github\agentique-systems\agentique-alpha-rematerialize-kerml\crates\standard-libraries)
   Compiling agq-kerml-syntax v0.1.0 (C:\Users\phili\github\agentique-systems\agentique-alpha-rematerialize-kerml\crates\kerml-syntax)
   Compiling agq-kerml-text v0.1.0 (C:\Users\phili\github\agentique-systems\agentique-alpha-rematerialize-kerml\crates\kerml-text)
    Finished `release` profile [optimized] target(s) in 9m 11s
